{
    "failed_checks": [
        {
            "file": "/alb-logs/main.tf",
            "findings": [
                {
                    "resource": "aws_s3_bucket.logs",
                    "check_ids": [
                        "CKV2_AWS_62",
                        "CKV_AWS_144",
                        "CKV_AWS_145",
                        "CKV_AWS_18",
                        "CKV_AWS_21"
                    ]
                },
                {
                    "resource": "aws_s3_bucket_lifecycle_configuration.logs",
                    "check_ids": [
                        "CKV_AWS_300"
                    ]
                }
            ]
        },
        {
            "file": "/alb/main.tf",
            "findings": [
                {
                    "resource": "aws_lb.this",
                    "check_ids": [
                        "CKV2_AWS_28",
                        "CKV_AWS_150"
                    ]
                }
            ]
        },
        {
            "file": "/app-bucket/main.tf",
            "findings": [
                {
                    "resource": "module.config_bucket.aws_s3_bucket.this",
                    "check_ids": [
                        "CKV2_AWS_62",
                        "CKV_AWS_144",
                        "CKV_AWS_18"
                    ]
                },
                {
                    "resource": "module.config_bucket.aws_s3_bucket_lifecycle_configuration.this[0]",
                    "check_ids": [
                        "CKV_AWS_300"
                    ]
                },
                {
                    "resource": "module.firelens_agent.module.config_bucket.aws_s3_bucket.this",
                    "check_ids": [
                        "CKV2_AWS_62",
                        "CKV_AWS_144",
                        "CKV_AWS_18"
                    ]
                },
                {
                    "resource": "module.firelens_agent.module.config_bucket.aws_s3_bucket_lifecycle_configuration.this[0]",
                    "check_ids": [
                        "CKV_AWS_300"
                    ]
                }
            ]
        },
        {
            "file": "/cache/main.tf",
            "findings": [
                {
                    "resource": "aws_elasticache_replication_group.this",
                    "check_ids": [
                        "CKV2_AWS_50",
                        "CKV_AWS_31"
                    ]
                }
            ]
        },
        {
            "file": "/ecs-service/main.tf",
            "findings": [
                {
                    "resource": "aws_cloudwatch_log_group.this",
                    "check_ids": [
                        "CKV_AWS_158",
                        "CKV_AWS_338"
                    ]
                },
                {
                    "resource": "aws_ecs_task_definition.this",
                    "check_ids": [
                        "CKV_AWS_336"
                    ]
                },
                {
                    "resource": "aws_lb_target_group.this[0]",
                    "check_ids": [
                        "CKV_AWS_378"
                    ]
                },
                {
                    "resource": "module.service.aws_cloudwatch_log_group.this",
                    "check_ids": [
                        "CKV_AWS_158"
                    ]
                },
                {
                    "resource": "module.service.aws_lb_target_group.this",
                    "check_ids": [
                        "CKV_AWS_378"
                    ]
                }
            ]
        },
        {
            "file": "/iam-oidc/main.tf",
            "findings": [
                {
                    "resource": "aws_iam_role_policy.deploy",
                    "check_ids": [
                        "CKV_AWS_290",
                        "CKV_AWS_355"
                    ]
                },
                {
                    "resource": "aws_iam_role_policy_attachment.infra_apply_admin",
                    "check_ids": [
                        "CKV_AWS_274"
                    ]
                }
            ]
        },
        {
            "file": "/messaging/main.tf",
            "findings": [
                {
                    "resource": "aws_sqs_queue_policy.main",
                    "check_ids": [
                        "CKV_AWS_168"
                    ]
                }
            ]
        },
        {
            "file": "/network/main.tf",
            "findings": [
                {
                    "resource": "aws_cloudwatch_log_group.flow_logs[0]",
                    "check_ids": [
                        "CKV_AWS_158",
                        "CKV_AWS_338"
                    ]
                },
                {
                    "resource": "aws_security_group.alb",
                    "check_ids": [
                        "CKV2_AWS_5"
                    ]
                },
                {
                    "resource": "aws_security_group.cache",
                    "check_ids": [
                        "CKV2_AWS_5"
                    ]
                },
                {
                    "resource": "aws_security_group.rds",
                    "check_ids": [
                        "CKV2_AWS_5"
                    ]
                },
                {
                    "resource": "aws_subnet.public",
                    "check_ids": [
                        "CKV_AWS_130"
                    ]
                },
                {
                    "resource": "aws_vpc.this",
                    "check_ids": [
                        "CKV2_AWS_12"
                    ]
                },
                {
                    "resource": "aws_vpc_security_group_egress_rule.alb_all",
                    "check_ids": [
                        "CKV_AWS_23"
                    ]
                },
                {
                    "resource": "aws_vpc_security_group_egress_rule.app_all",
                    "check_ids": [
                        "CKV_AWS_23"
                    ]
                },
                {
                    "resource": "aws_vpc_security_group_egress_rule.cache_all",
                    "check_ids": [
                        "CKV_AWS_23"
                    ]
                },
                {
                    "resource": "aws_vpc_security_group_ingress_rule.alb_http[\"0.0.0.0/0\"]",
                    "check_ids": [
                        "CKV_AWS_23",
                        "CKV_AWS_260"
                    ]
                },
                {
                    "resource": "aws_vpc_security_group_ingress_rule.alb_https[\"0.0.0.0/0\"]",
                    "check_ids": [
                        "CKV_AWS_23"
                    ]
                },
                {
                    "resource": "aws_vpc_security_group_ingress_rule.app_from_alb",
                    "check_ids": [
                        "CKV_AWS_23"
                    ]
                },
                {
                    "resource": "aws_vpc_security_group_ingress_rule.app_self_https",
                    "check_ids": [
                        "CKV_AWS_23"
                    ]
                },
                {
                    "resource": "aws_vpc_security_group_ingress_rule.cache_from_app",
                    "check_ids": [
                        "CKV_AWS_23"
                    ]
                },
                {
                    "resource": "aws_vpc_security_group_ingress_rule.rds_from_app",
                    "check_ids": [
                        "CKV_AWS_23"
                    ]
                }
            ]
        },
        {
            "file": "/observability/main.tf",
            "findings": [
                {
                    "resource": "aws_sns_topic.alarms",
                    "check_ids": [
                        "CKV_AWS_26"
                    ]
                }
            ]
        },
        {
            "file": "/oneshot-task/main.tf",
            "findings": [
                {
                    "resource": "aws_cloudwatch_log_group.this",
                    "check_ids": [
                        "CKV_AWS_158",
                        "CKV_AWS_338"
                    ]
                }
            ]
        },
        {
            "file": "/rds/main.tf",
            "findings": [
                {
                    "resource": "aws_db_instance.this",
                    "check_ids": [
                        "CKV2_AWS_30",
                        "CKV_AWS_118",
                        "CKV_AWS_157",
                        "CKV_AWS_161",
                        "CKV_AWS_293",
                        "CKV_AWS_354"
                    ]
                }
            ]
        },
        {
            "file": "/secrets/main.tf",
            "findings": [
                {
                    "resource": "aws_ssm_parameter.config",
                    "check_ids": [
                        "CKV2_AWS_34"
                    ]
                }
            ]
        },
        {
            "file": "/waf/main.tf",
            "findings": [
                {
                    "resource": "aws_cloudwatch_log_group.waf[0]",
                    "check_ids": [
                        "CKV_AWS_158",
                        "CKV_AWS_338"
                    ]
                },
                {
                    "resource": "aws_wafv2_web_acl.this[0]",
                    "check_ids": [
                        "CKV2_AWS_31"
                    ]
                }
            ]
        }
    ]
}
